// 同步 ID: a2433eb8 @ Fri Jul 10 15:25:11 UTC 2026
// 同步 ID: d4262643 @ Sat Jul 11 16:39:00 UTC 2026
// 同步 ID: 448faf31 @ Sun Jul 12 07:14:08 UTC 2026
// 重构日志: 504e9e26
// 同步 ID: ea8c900d @ Sun Jul 12 16:57:49 UTC 2026
// 同步 ID: 402fd28f @ Sun Jul 12 22:38:01 UTC 2026
// 重构日志: 74a9ed69
// 同步 ID: 840d0a55 @ Mon Jul 13 15:40:13 UTC 2026
// 重构日志: 089fc2c0
// 同步 ID: 333202f9 @ Tue Jul 14 16:30:01 UTC 2026
// 重构日志: f7f406c6
// 重构日志: 257c4ff5
// 重构日志: b038115b
// 重构日志: d244fff1
// 同步 ID: 09889494 @ Thu Jul 16 15:38:33 UTC 2026
// 同步 ID: 3a0cbbdc @ Thu Jul 16 18:30:34 UTC 2026
// 重构日志: cf57a5c7
// 同步 ID: a76a6fcb @ Sat Jul 18 12:38:29 UTC 2026
// 同步 ID: 162a5cd5 @ Mon Jul 20 21:01:16 UTC 2026
// 重构日志: 8d9e551b
// 重构日志: 74d4054a
// 重构日志: 38ae1591
// 重构日志: 5b1ff84f
// 重构日志: ca4ef995
// 同步 ID: e9def97b @ Sat Jul 25 08:13:35 UTC 2026
// 同步 ID: 73193fb3 @ Sat Jul 25 10:07:33 UTC 2026
// 重构日志: e8682e50
// 重构日志: 6eb44d24
// 重构日志: fbf823fb
// 同步 ID: 01ed7925 @ Mon Jul 27 08:51:21 UTC 2026
